{
  "version": "1.5.0",
  "plugins_used": [
    {
      "name": "ArtifactoryDetector"
    },
    {
      "name": "AWSKeyDetector"
    },
    {
      "name": "AzureStorageKeyDetector"
    },
    {
      "name": "Base64HighEntropyString",
      "limit": 4.5
    },
    {
      "name": "BasicAuthDetector"
    },
    {
      "name": "CloudantDetector"
    },
    {
      "name": "DiscordBotTokenDetector"
    },
    {
      "name": "GitHubTokenDetector"
    },
    {
      "name": "GitLabTokenDetector"
    },
    {
      "name": "HexHighEntropyString",
      "limit": 3.0
    },
    {
      "name": "IbmCloudIamDetector"
    },
    {
      "name": "IbmCosHmacDetector"
    },
    {
      "name": "IPPublicDetector"
    },
    {
      "name": "JwtTokenDetector"
    },
    {
      "name": "KeywordDetector",
      "keyword_exclude": ""
    },
    {
      "name": "MailchimpDetector"
    },
    {
      "name": "NpmDetector"
    },
    {
      "name": "OpenAIDetector"
    },
    {
      "name": "PrivateKeyDetector"
    },
    {
      "name": "PypiTokenDetector"
    },
    {
      "name": "SendGridDetector"
    },
    {
      "name": "SlackDetector"
    },
    {
      "name": "SoftlayerDetector"
    },
    {
      "name": "SquareOAuthDetector"
    },
    {
      "name": "StripeDetector"
    },
    {
      "name": "TelegramBotTokenDetector"
    },
    {
      "name": "TwilioKeyDetector"
    }
  ],
  "filters_used": [
    {
      "path": "detect_secrets.filters.allowlist.is_line_allowlisted"
    },
    {
      "path": "detect_secrets.filters.common.is_ignored_due_to_verification_policies",
      "min_level": 2
    },
    {
      "path": "detect_secrets.filters.heuristic.is_indirect_reference"
    },
    {
      "path": "detect_secrets.filters.heuristic.is_likely_id_string"
    },
    {
      "path": "detect_secrets.filters.heuristic.is_lock_file"
    },
    {
      "path": "detect_secrets.filters.heuristic.is_not_alphanumeric_string"
    },
    {
      "path": "detect_secrets.filters.heuristic.is_potential_uuid"
    },
    {
      "path": "detect_secrets.filters.heuristic.is_prefixed_with_dollar_sign"
    },
    {
      "path": "detect_secrets.filters.heuristic.is_sequential_string"
    },
    {
      "path": "detect_secrets.filters.heuristic.is_swagger_file"
    },
    {
      "path": "detect_secrets.filters.heuristic.is_templated_secret"
    }
  ],
  "results": {
    ".bmad-core/install-manifest.yaml": [
      {
        "type": "Hex High Entropy String",
        "filename": ".bmad-core/install-manifest.yaml",
        "hashed_secret": "5c9828b8e93bfc174e8e047b00ad12deea600893",
        "is_verified": false,
        "line_number": 11
      },
      {
        "type": "Hex High Entropy String",
        "filename": ".bmad-core/install-manifest.yaml",
        "hashed_secret": "582dffcfa091f27433b0017d8c09d2941845da26",
        "is_verified": false,
        "line_number": 14
      },
      {
        "type": "Hex High Entropy String",
        "filename": ".bmad-core/install-manifest.yaml",
        "hashed_secret": "6a36539a4a0a9f5fb32d7606e1c48aa684645c1b",
        "is_verified": false,
        "line_number": 17
      },
      {
        "type": "Hex High Entropy String",
        "filename": ".bmad-core/install-manifest.yaml",
        "hashed_secret": "5b9c119f7b3aa4bf4f73490c5084229ef094fb75",
        "is_verified": false,
        "line_number": 20
      },
      {
        "type": "Hex High Entropy String",
        "filename": ".bmad-core/install-manifest.yaml",
        "hashed_secret": "b44001e02944bd90e5ea1fb6f4a94bc3a47e3df2",
        "is_verified": false,
        "line_number": 29
      },
      {
        "type": "Hex High Entropy String",
        "filename": ".bmad-core/install-manifest.yaml",
        "hashed_secret": "2ca09cb442ef4414306e1003df19362fc3450696",
        "is_verified": false,
        "line_number": 32
      },
      {
        "type": "Hex High Entropy String",
        "filename": ".bmad-core/install-manifest.yaml",
        "hashed_secret": "7033130224241451240684b23af62bbe2be8fe56",
        "is_verified": false,
        "line_number": 35
      },
      {
        "type": "Hex High Entropy String",
        "filename": ".bmad-core/install-manifest.yaml",
        "hashed_secret": "3518c5152194b695c514d0fc45cb2f2b1c0941d0",
        "is_verified": false,
        "line_number": 38
      },
      {
        "type": "Hex High Entropy String",
        "filename": ".bmad-core/install-manifest.yaml",
        "hashed_secret": "619123d6bc2637cb9ae2b5310c2595ed522ddd9b",
        "is_verified": false,
        "line_number": 44
      },
      {
        "type": "Hex High Entropy String",
        "filename": ".bmad-core/install-manifest.yaml",
        "hashed_secret": "94c49c1c7421bc57f4e0a230c8b8fdd14a618fc0",
        "is_verified": false,
        "line_number": 47
      },
      {
        "type": "Hex High Entropy String",
        "filename": ".bmad-core/install-manifest.yaml",
        "hashed_secret": "b58194dd0a72074bf8ca97a2756ef4675e5130d7",
        "is_verified": false,
        "line_number": 56
      },
      {
        "type": "Hex High Entropy String",
        "filename": ".bmad-core/install-manifest.yaml",
        "hashed_secret": "1a6c05a61dc9b19a93a83b9fe2c3b7a25c8d6a25",
        "is_verified": false,
        "line_number": 59
      },
      {
        "type": "Hex High Entropy String",
        "filename": ".bmad-core/install-manifest.yaml",
        "hashed_secret": "d99b44739061d1d83739618c6d8438cc001892cc",
        "is_verified": false,
        "line_number": 65
      },
      {
        "type": "Hex High Entropy String",
        "filename": ".bmad-core/install-manifest.yaml",
        "hashed_secret": "4b98db6fe50dbba7af9bc4bf59145441f3521ea3",
        "is_verified": false,
        "line_number": 68
      },
      {
        "type": "Hex High Entropy String",
        "filename": ".bmad-core/install-manifest.yaml",
        "hashed_secret": "dd8ee99fe1a35b2cafacdfaef367a0700bb4d272",
        "is_verified": false,
        "line_number": 71
      },
      {
        "type": "Hex High Entropy String",
        "filename": ".bmad-core/install-manifest.yaml",
        "hashed_secret": "45a55597bb6ffb5f9767f980519936c0a7f5a251",
        "is_verified": false,
        "line_number": 74
      },
      {
        "type": "Hex High Entropy String",
        "filename": ".bmad-core/install-manifest.yaml",
        "hashed_secret": "0f53c90e3d8522c100a55482b4fcf20aee258eab",
        "is_verified": false,
        "line_number": 77
      },
      {
        "type": "Hex High Entropy String",
        "filename": ".bmad-core/install-manifest.yaml",
        "hashed_secret": "4b04edaecbf929045c87d966f3ee48f15da26eee",
        "is_verified": false,
        "line_number": 80
      },
      {
        "type": "Hex High Entropy String",
        "filename": ".bmad-core/install-manifest.yaml",
        "hashed_secret": "2819b31b73311c68de5b0edf37f089a6d4f921d6",
        "is_verified": false,
        "line_number": 83
      },
      {
        "type": "Hex High Entropy String",
        "filename": ".bmad-core/install-manifest.yaml",
        "hashed_secret": "0c9cd1e467cb20dcd4d0d596e88113fbb9fe327a",
        "is_verified": false,
        "line_number": 86
      },
      {
        "type": "Hex High Entropy String",
        "filename": ".bmad-core/install-manifest.yaml",
        "hashed_secret": "bccd1199b7c51923214e5d7148c0ad364d1e2cc3",
        "is_verified": false,
        "line_number": 89
      },
      {
        "type": "Hex High Entropy String",
        "filename": ".bmad-core/install-manifest.yaml",
        "hashed_secret": "405dfac2f40d7105f0550f3191da8a00069e04ef",
        "is_verified": false,
        "line_number": 92
      },
      {
        "type": "Hex High Entropy String",
        "filename": ".bmad-core/install-manifest.yaml",
        "hashed_secret": "64a7c0930b9bc76b3ab949011073bd334a29ebc6",
        "is_verified": false,
        "line_number": 95
      },
      {
        "type": "Hex High Entropy String",
        "filename": ".bmad-core/install-manifest.yaml",
        "hashed_secret": "c29bc7c6046988eb227fb65de51fbb2f4eba74c3",
        "is_verified": false,
        "line_number": 98
      },
      {
        "type": "Hex High Entropy String",
        "filename": ".bmad-core/install-manifest.yaml",
        "hashed_secret": "68b3a83a0292b8597be603a55375d399b13a0a67",
        "is_verified": false,
        "line_number": 101
      },
      {
        "type": "Hex High Entropy String",
        "filename": ".bmad-core/install-manifest.yaml",
        "hashed_secret": "866b3df1840c11ef9fdf572a22e40fde6a1aebf4",
        "is_verified": false,
        "line_number": 104
      },
      {
        "type": "Hex High Entropy String",
        "filename": ".bmad-core/install-manifest.yaml",
        "hashed_secret": "7f9e9cf2a07ee49c144e7745f21529bf48f19956",
        "is_verified": false,
        "line_number": 113
      },
      {
        "type": "Hex High Entropy String",
        "filename": ".bmad-core/install-manifest.yaml",
        "hashed_secret": "7b9d3405efc239ee852b7434bd8f8e70c255bc34",
        "is_verified": false,
        "line_number": 116
      },
      {
        "type": "Hex High Entropy String",
        "filename": ".bmad-core/install-manifest.yaml",
        "hashed_secret": "9e592d41a74ae85ca72b620d8be0823cd29b478e",
        "is_verified": false,
        "line_number": 119
      },
      {
        "type": "Hex High Entropy String",
        "filename": ".bmad-core/install-manifest.yaml",
        "hashed_secret": "20d5163193df7fa0dc378ce42579ca047e3c03ec",
        "is_verified": false,
        "line_number": 122
      },
      {
        "type": "Hex High Entropy String",
        "filename": ".bmad-core/install-manifest.yaml",
        "hashed_secret": "e41f9a41faa3e97a8f21900794e703d814c56722",
        "is_verified": false,
        "line_number": 125
      },
      {
        "type": "Hex High Entropy String",
        "filename": ".bmad-core/install-manifest.yaml",
        "hashed_secret": "8d5ec70faeb8dd17036459fcef99d8f774268246",
        "is_verified": false,
        "line_number": 128
      },
      {
        "type": "Hex High Entropy String",
        "filename": ".bmad-core/install-manifest.yaml",
        "hashed_secret": "508b92e81193aaf3e90fdb0a5de5aa6fb5088f48",
        "is_verified": false,
        "line_number": 131
      },
      {
        "type": "Hex High Entropy String",
        "filename": ".bmad-core/install-manifest.yaml",
        "hashed_secret": "2e5faa323676c2c4e53f0873f115a94b46c50899",
        "is_verified": false,
        "line_number": 134
      },
      {
        "type": "Hex High Entropy String",
        "filename": ".bmad-core/install-manifest.yaml",
        "hashed_secret": "3d70b2afab6137c9421216f79a881906187eabd7",
        "is_verified": false,
        "line_number": 137
      },
      {
        "type": "Hex High Entropy String",
        "filename": ".bmad-core/install-manifest.yaml",
        "hashed_secret": "3834917ef2eb890cad61e6f704df6d77032d04f3",
        "is_verified": false,
        "line_number": 140
      },
      {
        "type": "Hex High Entropy String",
        "filename": ".bmad-core/install-manifest.yaml",
        "hashed_secret": "1da59b7194b3e7889b067523acdd74009b8e1224",
        "is_verified": false,
        "line_number": 143
      },
      {
        "type": "Hex High Entropy String",
        "filename": ".bmad-core/install-manifest.yaml",
        "hashed_secret": "044aafee42a8a7e1ff5d355da75e719290ad3f4a",
        "is_verified": false,
        "line_number": 146
      },
      {
        "type": "Hex High Entropy String",
        "filename": ".bmad-core/install-manifest.yaml",
        "hashed_secret": "9dcfdbf85a591898cd03cdb9500ffe3b096d3a8c",
        "is_verified": false,
        "line_number": 149
      },
      {
        "type": "Hex High Entropy String",
        "filename": ".bmad-core/install-manifest.yaml",
        "hashed_secret": "18dfe295c9a902f8eec60282ef95b5487887ae59",
        "is_verified": false,
        "line_number": 152
      },
      {
        "type": "Hex High Entropy String",
        "filename": ".bmad-core/install-manifest.yaml",
        "hashed_secret": "5173989a754f4fbdcdfbe102cfabaa24adf0cfc5",
        "is_verified": false,
        "line_number": 155
      },
      {
        "type": "Hex High Entropy String",
        "filename": ".bmad-core/install-manifest.yaml",
        "hashed_secret": "9274c5a0ec8d56a75c7028451794ea4c222360eb",
        "is_verified": false,
        "line_number": 161
      },
      {
        "type": "Hex High Entropy String",
        "filename": ".bmad-core/install-manifest.yaml",
        "hashed_secret": "9688c89a7a6ce13b2c03f3a6dc4d6b2359fa04bc",
        "is_verified": false,
        "line_number": 170
      },
      {
        "type": "Hex High Entropy String",
        "filename": ".bmad-core/install-manifest.yaml",
        "hashed_secret": "9273410e3ae2aa56a2610ff13dc9c66bfe4291ae",
        "is_verified": false,
        "line_number": 173
      },
      {
        "type": "Hex High Entropy String",
        "filename": ".bmad-core/install-manifest.yaml",
        "hashed_secret": "a261319001eb08d198a3c223de75b0212e097181",
        "is_verified": false,
        "line_number": 176
      },
      {
        "type": "Hex High Entropy String",
        "filename": ".bmad-core/install-manifest.yaml",
        "hashed_secret": "49584c3c32c5d737fbfd0958f9503b596f1e9da2",
        "is_verified": false,
        "line_number": 182
      },
      {
        "type": "Hex High Entropy String",
        "filename": ".bmad-core/install-manifest.yaml",
        "hashed_secret": "773c274bd14c28241991c8716e30971e2c590408",
        "is_verified": false,
        "line_number": 185
      },
      {
        "type": "Hex High Entropy String",
        "filename": ".bmad-core/install-manifest.yaml",
        "hashed_secret": "074eb51dcc8fe6535afaa45f223dc7abb5ca0f21",
        "is_verified": false,
        "line_number": 188
      },
      {
        "type": "Hex High Entropy String",
        "filename": ".bmad-core/install-manifest.yaml",
        "hashed_secret": "ebc2380cf46712fd64c16483ae80ac4dfe368fb9",
        "is_verified": false,
        "line_number": 191
      },
      {
        "type": "Hex High Entropy String",
        "filename": ".bmad-core/install-manifest.yaml",
        "hashed_secret": "5a651b10f42d80c4dd6e802fe870f4e3277dc9ba",
        "is_verified": false,
        "line_number": 197
      },
      {
        "type": "Hex High Entropy String",
        "filename": ".bmad-core/install-manifest.yaml",
        "hashed_secret": "65c29e49cccc51d532a069fbddb85b11ee0e41b1",
        "is_verified": false,
        "line_number": 200
      },
      {
        "type": "Hex High Entropy String",
        "filename": ".bmad-core/install-manifest.yaml",
        "hashed_secret": "6a3c31b05b81d0fde6ede1315ca3191d92f3c5b4",
        "is_verified": false,
        "line_number": 206
      },
      {
        "type": "Hex High Entropy String",
        "filename": ".bmad-core/install-manifest.yaml",
        "hashed_secret": "d10bfdc54ce564f5d97c5b394f50a0af0c8e2204",
        "is_verified": false,
        "line_number": 212
      },
      {
        "type": "Hex High Entropy String",
        "filename": ".bmad-core/install-manifest.yaml",
        "hashed_secret": "c4cf8b095a62099790616f9d9e1b8bbbf3ca25be",
        "is_verified": false,
        "line_number": 215
      },
      {
        "type": "Hex High Entropy String",
        "filename": ".bmad-core/install-manifest.yaml",
        "hashed_secret": "20ff5b22f85ea3c169a44801f59a486bee27ea4e",
        "is_verified": false,
        "line_number": 218
      },
      {
        "type": "Hex High Entropy String",
        "filename": ".bmad-core/install-manifest.yaml",
        "hashed_secret": "8ab299a3e0470a4da312c927a97324e9189e21a5",
        "is_verified": false,
        "line_number": 224
      },
      {
        "type": "Hex High Entropy String",
        "filename": ".bmad-core/install-manifest.yaml",
        "hashed_secret": "ac2ad00b76ce1270c96712864dfd78660dad49cd",
        "is_verified": false,
        "line_number": 227
      },
      {
        "type": "Hex High Entropy String",
        "filename": ".bmad-core/install-manifest.yaml",
        "hashed_secret": "202d4c8dae2508d162469bdc9419cbd5c187b957",
        "is_verified": false,
        "line_number": 230
      },
      {
        "type": "Hex High Entropy String",
        "filename": ".bmad-core/install-manifest.yaml",
        "hashed_secret": "f46b0831270db40295845082aaaf749650141c5f",
        "is_verified": false,
        "line_number": 233
      },
      {
        "type": "Hex High Entropy String",
        "filename": ".bmad-core/install-manifest.yaml",
        "hashed_secret": "85165590ee470d0a2552ed9cfdc91c0634cb34f3",
        "is_verified": false,
        "line_number": 237
      },
      {
        "type": "Hex High Entropy String",
        "filename": ".bmad-core/install-manifest.yaml",
        "hashed_secret": "f1dd687d6659ae492f139884b281c5242278a45b",
        "is_verified": false,
        "line_number": 241
      },
      {
        "type": "Hex High Entropy String",
        "filename": ".bmad-core/install-manifest.yaml",
        "hashed_secret": "c28e751b23aa1488cd60533e10b5ccb4b4c197c6",
        "is_verified": false,
        "line_number": 244
      },
      {
        "type": "Hex High Entropy String",
        "filename": ".bmad-core/install-manifest.yaml",
        "hashed_secret": "69afcfaf6e0e66edef65326b27f60121b3755c1c",
        "is_verified": false,
        "line_number": 247
      },
      {
        "type": "Hex High Entropy String",
        "filename": ".bmad-core/install-manifest.yaml",
        "hashed_secret": "24b2b252fe8c46be34cdc75469984fa472abad4f",
        "is_verified": false,
        "line_number": 250
      },
      {
        "type": "Hex High Entropy String",
        "filename": ".bmad-core/install-manifest.yaml",
        "hashed_secret": "af9a2dcd3f6f9ae6e47adb79bde1fd74df99a9a3",
        "is_verified": false,
        "line_number": 253
      },
      {
        "type": "Hex High Entropy String",
        "filename": ".bmad-core/install-manifest.yaml",
        "hashed_secret": "039c21f419befc55c5771d68d351f9e6fee4393f",
        "is_verified": false,
        "line_number": 256
      },
      {
        "type": "Hex High Entropy String",
        "filename": ".bmad-core/install-manifest.yaml",
        "hashed_secret": "38915ae726211d69e5e690ddcd2fd120bb32b04e",
        "is_verified": false,
        "line_number": 259
      }
    ],
    ".bmad-core/tasks/generate-ai-frontend-prompt.md": [
      {
        "type": "Secret Keyword",
        "filename": ".bmad-core/tasks/generate-ai-frontend-prompt.md",
        "hashed_secret": "ecb252044b5ea0f679ee78ec1a12904739e2904d",
        "is_verified": false,
        "line_number": 35
      }
    ],
    ".claude/commands/BMad/tasks/generate-ai-frontend-prompt.md": [
      {
        "type": "Secret Keyword",
        "filename": ".claude/commands/BMad/tasks/generate-ai-frontend-prompt.md",
        "hashed_secret": "ecb252044b5ea0f679ee78ec1a12904739e2904d",
        "is_verified": false,
        "line_number": 39
      }
    ]
  },
  "generated_at": "2025-09-04T01:55:39Z"
}
